// Jest Snapshot v1, https://goo.gl/fbAQLP

exports[`<ScaleColumnHeaderRenderer /> should render correctly 1`] = `ShallowWrapper {}`;

exports[`<ScaleColumnHeaderRenderer /> should render correctly when disableSort is true 1`] = `ShallowWrapper {}`;

exports[`<ScaleColumnHeaderRenderer /> should render correctly when isFiltered is true 1`] = `ShallowWrapper {}`;

exports[`<ScaleColumnHeaderRenderer /> should render correctly when sort isFiltered is true 1`] = `ShallowWrapper {}`;
