// Jest Snapshot v1, https://goo.gl/fbAQLP

exports[`<RevenueBreakdown /> should render correctly with revenue data 1`] = `ShallowWrapper {}`;

exports[`<RevenueBreakdown /> should render correctly with revenue data 2`] = `ShallowWrapper {}`;

exports[`<RevenueBreakdown /> should render the loading state correctly 1`] = `ShallowWrapper {}`;
