// Jest Snapshot v1, https://goo.gl/fbAQLP

exports[`<TicketIntegrations /> should render correctly 1`] = `ShallowWrapper {}`;

exports[`<TicketIntegrations /> should render correctly when an error occurs 1`] = `ShallowWrapper {}`;

exports[`<TicketIntegrations /> should render correctly when loading is true 1`] = `ShallowWrapper {}`;

exports[`<TicketIntegrations /> should render correctly when no data is found 1`] = `ShallowWrapper {}`;
