// Jest Snapshot v1, https://goo.gl/fbAQLP

exports[`<Users /> renders correctly 1`] = `
<styled.div>
  <Flex
    direction="column"
    height="100%"
    max-width="100%"
    padding="2rem"
  >
    <styled.div
      margin="2rem 0"
    >
      <Breadcrumbs
        crumbs={
          Array [
            Object {
              "path": "/dashboard",
              "title": "Dashboard",
            },
            Object {
              "path": "/settings/users",
              "title": "View Users",
            },
          ]
        }
      />
    </styled.div>
    <styled.h3
      type="secondary"
    >
      View Users
    </styled.h3>
    <UsersTable
      fetchUserList={[MockFunction]}
      reset={[MockFunction]}
      userList={Array []}
    />
  </Flex>
</styled.div>
`;
