// Jest Snapshot v1, https://goo.gl/fbAQLP

exports[`renders correctly with no props 1`] = `
.c0 {
  display: -webkit-box;
  display: -webkit-flex;
  display: -ms-flexbox;
  display: flex;
  -webkit-align-self: center;
  -ms-flex-item-align: center;
  align-self: center;
  position: relative;
  font-size: 1rem;
  text-align: center;
  font-size: 1rem;
  cursor: pointer;
  color: #38A9DB;
}

.c0::before {
  content: 'EDIT';
}

<div
  className="c0"
/>
`;

exports[`renders correctly with noEdit prop 1`] = `
.c0 {
  display: -webkit-box;
  display: -webkit-flex;
  display: -ms-flexbox;
  display: flex;
  -webkit-align-self: center;
  -ms-flex-item-align: center;
  align-self: center;
  position: relative;
  font-size: 1rem;
  text-align: center;
  font-size: 1rem;
  cursor: pointer;
  color: #38A9DB;
}

.c0::before {
  content: 'EDIT';
}

<div
  className="c0"
/>
`;
