// Jest Snapshot v1, https://goo.gl/fbAQLP

exports[`renders correctly with no props 1`] = `
.c0 {
  border: none;
  min-width: 100px;
  padding: 1rem 2rem;
  text-align: center;
  border-radius: 3px;
  font-size: 1rem;
  cursor: pointer;
  -webkit-transition-duration: 0.3s;
  transition-duration: 0.3s;
  color: #0A169A;
  background-color: inherit;
  display: -webkit-box;
  display: -webkit-flex;
  display: -ms-flexbox;
  display: flex;
  -webkit-align-self: center;
  -ms-flex-item-align: center;
  align-self: center;
  position: relative;
  max-width: 100px;
}

.c0:disabled {
  cursor: not-allowed;
}

.c0:disabled {
  color: #D1D1D1;
  opacity: 0.5;
}

.c0:hover:not(:disabled) {
  color: #38A9DB;
}

.c0::before {
  content: 'Edit';
}

<button
  className="sc-fzplWN sc-fznZeY sc-qapaw c0"
/>
`;

exports[`renders correctly with noEdit prop 1`] = `
.c0 {
  border: none;
  min-width: 100px;
  padding: 1rem 2rem;
  text-align: center;
  border-radius: 3px;
  font-size: 1rem;
  cursor: pointer;
  -webkit-transition-duration: 0.3s;
  transition-duration: 0.3s;
  color: #0A169A;
  background-color: inherit;
  display: -webkit-box;
  display: -webkit-flex;
  display: -ms-flexbox;
  display: flex;
  -webkit-align-self: center;
  -ms-flex-item-align: center;
  align-self: center;
  position: relative;
  max-width: 100px;
}

.c0:disabled {
  cursor: not-allowed;
}

.c0:disabled {
  color: #D1D1D1;
  opacity: 0.5;
}

.c0:hover:not(:disabled) {
  color: #38A9DB;
}

.c0::before {
  content: 'Edit';
}

<button
  className="sc-fzplWN sc-fznZeY sc-qapaw c0"
/>
`;
