// Jest Snapshot v1, https://goo.gl/fbAQLP

exports[`<BuyerTypeRow /> should render correctly 1`] = `
<Styled(Flex)
  align="center"
>
  <Flex
    flexBasis="10%"
    style={
      Object {
        "height": "25px",
      }
    }
    title={null}
  />
  <Flex
    flexBasis="20%"
  >
    <Toggle
      isChecked={true}
      isDisabled={false}
      onChange={[Function]}
      size="small"
    />
  </Flex>
  <Styled(Styled(styled.p))
    basis="20%"
  />
  <Styled(Styled(styled.p))
    basis="60%"
  />
</Styled(Flex)>
`;
