// Jest Snapshot v1, https://goo.gl/fbAQLP

exports[`<GroupedSplitButton /> should render correctly 1`] = `ShallowWrapper {}`;

exports[`<MultiSelect /> should render correctly 1`] = `ShallowWrapper {}`;

exports[`<MultiSelect /> should update the state if the grouped view is toggled 1`] = `ShallowWrapper {}`;
