// Jest Snapshot v1, https://goo.gl/fbAQLP

exports[`<MultiSelectGroupView /> should render correctly 1`] = `
<Fragment>
  <Styled(styled.div)>
    <Flex
      align="center"
      justify="space-between"
    >
      Value
      <Styled(styled.p)
        color="#fff"
        onClick={[Function]}
        style={
          Object {
            "cursor": "pointer",
          }
        }
      >
        Select All
      </Styled(styled.p)>
    </Flex>
  </Styled(styled.div)>
  <styled.div
    isActive={false}
    key="6"
    onClick={[Function]}
  >
    <Flex
      align="center"
    >
      <styled.input
        checked={false}
        onChange={[Function]}
      />
      Braves at Zephyrs
    </Flex>
  </styled.div>
  <styled.div
    isActive={true}
    key="18"
    onClick={[Function]}
  >
    <Flex
      align="center"
    >
      <styled.input
        checked={true}
        onChange={[Function]}
      />
      Dogs FIGHT Cats
    </Flex>
  </styled.div>
  <Styled(styled.div)>
    <Flex
      align="center"
      justify="space-between"
    >
      Classic
      <Styled(styled.p)
        color="#fff"
        onClick={[Function]}
        style={
          Object {
            "cursor": "pointer",
          }
        }
      >
        Select All
      </Styled(styled.p)>
    </Flex>
  </Styled(styled.div)>
  <styled.div
    isActive={false}
    key="23"
    onClick={[Function]}
  >
    <Flex
      align="center"
    >
      <styled.input
        checked={false}
        onChange={[Function]}
      />
      Cardinals at Zephyrs
    </Flex>
  </styled.div>
</Fragment>
`;
